Model:      thinkingmachines/Inkling-Small
LoRA rank:  16
Batch size: 8
Epochs:     3
Direction:  bidirectional (LB↔EN)
Max steps:  11500 (stops early for step-matched comparison)

Loading Bible corpus…
  30251 verse pairs
Loading auxiliary corpus…
  937 aux entries (750 words, 177 sentences)
Loading feedback corpus…
  26 feedback entries (13 words, 13 sentences)
Loading conversational corpus (T4T dialogue verses)…
  5982 conversational sentence pairs

Splitting data…
  Bible:  27256 train / 2995 val (stratified by book)
  Aux:    751 train / 186 val (144 words, 40 sentences in val)
  Feedback: 21 train / 5 val
  Conv:     4786 train / 1196 val

Starting new training experiment…
State saved → tinker_state_inkling.json
  Experiment ID: 430aa57c-f75d-5f7f-88c5-3dd9812efc1e:train:0

Fetching tokenizer…
PyTorch was not found. Models won't be available and only tokenizers, configuration and file/data utilities can be used.
Warning: You are sending unauthenticated requests to the HF Hub. Please set a HF_TOKEN to enable higher rate limits and faster downloads.
You are using a model of type `inkling_mm_model` to instantiate a model of type ``. This may be expected if you are loading a checkpoint that shares a subset of the architecture (e.g., loading a `sam2_video` checkpoint into `Sam2Model`), but is otherwise not supported and can yield errors. Please verify that the checkpoint is compatible with the model you are instantiating.
  Vocab size: 199998

Tokenising Bible train datums (both directions)…
  54498 datums (14 skipped as too long)
Tokenising aux train datums (both directions)…
  1502 datums (0 skipped)
  Aux train datums repeated 5× → 7510 datums
Tokenising feedback train datums (both directions)…
  42 datums (0 skipped)
  Feedback train datums repeated 10× → 420 datums
Tokenising conversational train datums (both directions)…
  9572 datums (0 skipped)
  Conv train datums repeated 3× → 28716 datums

  Total training datums: 91144

Tokenising Bible val datums (for val_loss)…
  5988 Bible val datums

Starting training from step 0…

── Epoch 1/3  (11393 batches) ──
  step     1 | train_loss 4.2824 | epoch 1 batch 1/11393
  step     2 | train_loss 3.9339 | epoch 1 batch 2/11393
  step     3 | train_loss 3.8550 | epoch 1 batch 3/11393
  step     4 | train_loss 4.9816 | epoch 1 batch 4/11393
  step     5 | train_loss 3.8243 | epoch 1 batch 5/11393
  step     6 | train_loss 5.1665 | epoch 1 batch 6/11393
  step     7 | train_loss 5.3892 | epoch 1 batch 7/11393
  step     8 | train_loss 5.6470 | epoch 1 batch 8/11393
  step     9 | train_loss 4.2748 | epoch 1 batch 9/11393
  step    10 | train_loss 4.9619 | epoch 1 batch 10/11393
  step    11 | train_loss 4.1316 | epoch 1 batch 11/11393
  step    12 | train_loss 4.6738 | epoch 1 batch 12/11393
  step    13 | train_loss 2.8380 | epoch 1 batch 13/11393
  step    14 | train_loss 3.9441 | epoch 1 batch 14/11393
  step    15 | train_loss 4.8953 | epoch 1 batch 15/11393
  step    16 | train_loss 2.6615 | epoch 1 batch 16/11393
  step    17 | train_loss 2.6714 | epoch 1 batch 17/11393
  step    18 | train_loss 4.9743 | epoch 1 batch 18/11393
  step    19 | train_loss 4.4211 | epoch 1 batch 19/11393
  step    20 | train_loss 2.8774 | epoch 1 batch 20/11393
  step    21 | train_loss 5.1793 | epoch 1 batch 21/11393
  step    22 | train_loss 3.8272 | epoch 1 batch 22/11393
  step    23 | train_loss 2.6564 | epoch 1 batch 23/11393
  step    24 | train_loss 4.0060 | epoch 1 batch 24/11393
  step    25 | train_loss 4.5794 | epoch 1 batch 25/11393
  step    26 | train_loss 4.4954 | epoch 1 batch 26/11393
  step    27 | train_loss 4.3643 | epoch 1 batch 27/11393
  step    28 | train_loss 3.1016 | epoch 1 batch 28/11393
  step    29 | train_loss 3.5811 | epoch 1 batch 29/11393
  step    30 | train_loss 3.2951 | epoch 1 batch 30/11393
  step    31 | train_loss 3.9339 | epoch 1 batch 31/11393
  step    32 | train_loss 3.5722 | epoch 1 batch 32/11393
  step    33 | train_loss 1.8337 | epoch 1 batch 33/11393
  step    34 | train_loss 3.3482 | epoch 1 batch 34/11393
  step    35 | train_loss 3.8404 | epoch 1 batch 35/11393
  step    36 | train_loss 4.2380 | epoch 1 batch 36/11393
  step    37 | train_loss 2.3221 | epoch 1 batch 37/11393
  step    38 | train_loss 3.7485 | epoch 1 batch 38/11393
  step    39 | train_loss 3.6027 | epoch 1 batch 39/11393
  step    40 | train_loss 2.5179 | epoch 1 batch 40/11393
  step    41 | train_loss 2.4564 | epoch 1 batch 41/11393
  step    42 | train_loss 3.4008 | epoch 1 batch 42/11393
  step    43 | train_loss 4.0846 | epoch 1 batch 43/11393
  step    44 | train_loss 3.9714 | epoch 1 batch 44/11393
  step    45 | train_loss 2.2379 | epoch 1 batch 45/11393
  step    46 | train_loss 3.0975 | epoch 1 batch 46/11393
  step    47 | train_loss 1.9682 | epoch 1 batch 47/11393
  step    48 | train_loss 3.4825 | epoch 1 batch 48/11393
  step    49 | train_loss 3.3700 | epoch 1 batch 49/11393
  step    50 | train_loss 3.4726 | epoch 1 batch 50/11393
  step    51 | train_loss 3.1319 | epoch 1 batch 51/11393
  step    52 | train_loss 3.0207 | epoch 1 batch 52/11393
  step    53 | train_loss 3.5652 | epoch 1 batch 53/11393
  step    54 | train_loss 2.6738 | epoch 1 batch 54/11393
  step    55 | train_loss 2.0852 | epoch 1 batch 55/11393
  step    56 | train_loss 3.7831 | epoch 1 batch 56/11393
  step    57 | train_loss 1.6321 | epoch 1 batch 57/11393
  step    58 | train_loss 3.1563 | epoch 1 batch 58/11393
  step    59 | train_loss 2.3368 | epoch 1 batch 59/11393
  step    60 | train_loss 3.6703 | epoch 1 batch 60/11393
  step    61 | train_loss 3.1606 | epoch 1 batch 61/11393
  step    62 | train_loss 2.7533 | epoch 1 batch 62/11393
  step    63 | train_loss 2.5253 | epoch 1 batch 63/11393
  step    64 | train_loss 1.5454 | epoch 1 batch 64/11393
  step    65 | train_loss 3.0493 | epoch 1 batch 65/11393
  step    66 | train_loss 3.1426 | epoch 1 batch 66/11393
  step    67 | train_loss 2.3761 | epoch 1 batch 67/11393
  step    68 | train_loss 2.5590 | epoch 1 batch 68/11393
  step    69 | train_loss 3.2253 | epoch 1 batch 69/11393
  step    70 | train_loss 2.9584 | epoch 1 batch 70/11393
  step    71 | train_loss 2.7435 | epoch 1 batch 71/11393
  step    72 | train_loss 1.9331 | epoch 1 batch 72/11393
  step    73 | train_loss 2.8734 | epoch 1 batch 73/11393
  step    74 | train_loss 2.7220 | epoch 1 batch 74/11393
  step    75 | train_loss 3.3227 | epoch 1 batch 75/11393
  step    76 | train_loss 2.7880 | epoch 1 batch 76/11393
  step    77 | train_loss 2.8563 | epoch 1 batch 77/11393
  step    78 | train_loss 2.9260 | epoch 1 batch 78/11393
  step    79 | train_loss 2.3482 | epoch 1 batch 79/11393
  step    80 | train_loss 2.7221 | epoch 1 batch 80/11393
  step    81 | train_loss 2.1465 | epoch 1 batch 81/11393
  step    82 | train_loss 3.1492 | epoch 1 batch 82/11393
  step    83 | train_loss 3.3901 | epoch 1 batch 83/11393
  step    84 | train_loss 2.3377 | epoch 1 batch 84/11393
  step    85 | train_loss 3.2701 | epoch 1 batch 85/11393
  step    86 | train_loss 2.7138 | epoch 1 batch 86/11393
  step    87 | train_loss 2.9334 | epoch 1 batch 87/11393
  step    88 | train_loss 2.5551 | epoch 1 batch 88/11393
  step    89 | train_loss 2.3683 | epoch 1 batch 89/11393
  step    90 | train_loss 1.9251 | epoch 1 batch 90/11393
  step    91 | train_loss 3.1934 | epoch 1 batch 91/11393
  step    92 | train_loss 2.9736 | epoch 1 batch 92/11393
  step    93 | train_loss 2.1020 | epoch 1 batch 93/11393
  step    94 | train_loss 2.6758 | epoch 1 batch 94/11393
  step    95 | train_loss 2.8379 | epoch 1 batch 95/11393
  step    96 | train_loss 2.2951 | epoch 1 batch 96/11393
  step    97 | train_loss 2.3148 | epoch 1 batch 97/11393
  step    98 | train_loss 3.3997 | epoch 1 batch 98/11393
  step    99 | train_loss 1.6731 | epoch 1 batch 99/11393
  step   100 | train_loss 2.8678 | epoch 1 batch 100/11393
  step   101 | train_loss 2.8706 | epoch 1 batch 101/11393
  step   102 | train_loss 3.0163 | epoch 1 batch 102/11393
  step   103 | train_loss 2.7918 | epoch 1 batch 103/11393
  step   104 | train_loss 2.2111 | epoch 1 batch 104/11393
  step   105 | train_loss 2.3514 | epoch 1 batch 105/11393
  step   106 | train_loss 2.2716 | epoch 1 batch 106/11393
  step   107 | train_loss 2.2942 | epoch 1 batch 107/11393
  step   108 | train_loss 2.4948 | epoch 1 batch 108/11393
  step   109 | train_loss 2.4765 | epoch 1 batch 109/11393
  step   110 | train_loss 1.5774 | epoch 1 batch 110/11393
  step   111 | train_loss 1.9838 | epoch 1 batch 111/11393
  step   112 | train_loss 2.3525 | epoch 1 batch 112/11393
  step   113 | train_loss 2.8860 | epoch 1 batch 113/11393
  step   114 | train_loss 2.9292 | epoch 1 batch 114/11393
  step   115 | train_loss 2.9931 | epoch 1 batch 115/11393
  step   116 | train_loss 2.8117 | epoch 1 batch 116/11393
  step   117 | train_loss 1.9763 | epoch 1 batch 117/11393
  step   118 | train_loss 3.2186 | epoch 1 batch 118/11393
  step   119 | train_loss 1.7006 | epoch 1 batch 119/11393
  step   120 | train_loss 2.5737 | epoch 1 batch 120/11393
  step   121 | train_loss 2.3166 | epoch 1 batch 121/11393
  step   122 | train_loss 2.5227 | epoch 1 batch 122/11393
  step   123 | train_loss 2.4723 | epoch 1 batch 123/11393
  step   124 | train_loss 2.0268 | epoch 1 batch 124/11393
  step   125 | train_loss 2.5865 | epoch 1 batch 125/11393
  step   126 | train_loss 2.4962 | epoch 1 batch 126/11393
  step   127 | train_loss 2.8963 | epoch 1 batch 127/11393
  step   128 | train_loss 2.8025 | epoch 1 batch 128/11393
  step   129 | train_loss 1.6732 | epoch 1 batch 129/11393
  step   130 | train_loss 1.4202 | epoch 1 batch 130/11393
  step   131 | train_loss 1.9847 | epoch 1 batch 131/11393
  step   132 | train_loss 2.9119 | epoch 1 batch 132/11393
  step   133 | train_loss 1.6282 | epoch 1 batch 133/11393
  step   134 | train_loss 1.9818 | epoch 1 batch 134/11393
  step   135 | train_loss 2.1214 | epoch 1 batch 135/11393
  step   136 | train_loss 2.1797 | epoch 1 batch 136/11393
  step   137 | train_loss 2.0634 | epoch 1 batch 137/11393
  step   138 | train_loss 2.6695 | epoch 1 batch 138/11393
  step   139 | train_loss 2.2152 | epoch 1 batch 139/11393
  step   140 | train_loss 2.2217 | epoch 1 batch 140/11393
  step   141 | train_loss 2.6333 | epoch 1 batch 141/11393
  step   142 | train_loss 2.4449 | epoch 1 batch 142/11393
  step   143 | train_loss 1.7372 | epoch 1 batch 143/11393
  step   144 | train_loss 1.9069 | epoch 1 batch 144/11393
  step   145 | train_loss 2.7642 | epoch 1 batch 145/11393
  step   146 | train_loss 2.2555 | epoch 1 batch 146/11393
  step   147 | train_loss 2.1277 | epoch 1 batch 147/11393
  step   148 | train_loss 2.7664 | epoch 1 batch 148/11393
  step   149 | train_loss 2.4068 | epoch 1 batch 149/11393
  step   150 | train_loss 2.3209 | epoch 1 batch 150/11393
  step   151 | train_loss 2.1119 | epoch 1 batch 151/11393
  step   152 | train_loss 2.9180 | epoch 1 batch 152/11393
  step   153 | train_loss 3.0779 | epoch 1 batch 153/11393
  step   154 | train_loss 2.7495 | epoch 1 batch 154/11393
  step   155 | train_loss 1.4617 | epoch 1 batch 155/11393
  step   156 | train_loss 2.5057 | epoch 1 batch 156/11393
  step   157 | train_loss 2.4403 | epoch 1 batch 157/11393
  step   158 | train_loss 2.2345 | epoch 1 batch 158/11393
  step   159 | train_loss 2.0876 | epoch 1 batch 159/11393
  step   160 | train_loss 1.9844 | epoch 1 batch 160/11393
  step   161 | train_loss 2.3547 | epoch 1 batch 161/11393
  step   162 | train_loss 2.2437 | epoch 1 batch 162/11393
  step   163 | train_loss 2.1959 | epoch 1 batch 163/11393
  step   164 | train_loss 2.3276 | epoch 1 batch 164/11393
  step   165 | train_loss 1.7955 | epoch 1 batch 165/11393
  step   166 | train_loss 2.5836 | epoch 1 batch 166/11393
  step   167 | train_loss 2.1310 | epoch 1 batch 167/11393
  step   168 | train_loss 2.1738 | epoch 1 batch 168/11393
  step   169 | train_loss 2.4001 | epoch 1 batch 169/11393
  step   170 | train_loss 1.8750 | epoch 1 batch 170/11393
  step   171 | train_loss 2.4287 | epoch 1 batch 171/11393
  step   172 | train_loss 1.9860 | epoch 1 batch 172/11393
  step   173 | train_loss 2.1766 | epoch 1 batch 173/11393
  step   174 | train_loss 1.2641 | epoch 1 batch 174/11393
  step   175 | train_loss 2.6373 | epoch 1 batch 175/11393
  step   176 | train_loss 2.2316 | epoch 1 batch 176/11393
  step   177 | train_loss 2.7911 | epoch 1 batch 177/11393
  step   178 | train_loss 2.1814 | epoch 1 batch 178/11393
  step   179 | train_loss 1.9598 | epoch 1 batch 179/11393
  step   180 | train_loss 2.3471 | epoch 1 batch 180/11393
  step   181 | train_loss 1.9977 | epoch 1 batch 181/11393
  step   182 | train_loss 1.5607 | epoch 1 batch 182/11393
  step   183 | train_loss 1.5807 | epoch 1 batch 183/11393
  step   184 | train_loss 2.4286 | epoch 1 batch 184/11393
  step   185 | train_loss 1.0042 | epoch 1 batch 185/11393
  step   186 | train_loss 1.1883 | epoch 1 batch 186/11393
  step   187 | train_loss 2.4506 | epoch 1 batch 187/11393
  step   188 | train_loss 2.2035 | epoch 1 batch 188/11393
  step   189 | train_loss 1.8174 | epoch 1 batch 189/11393
  step   190 | train_loss 2.0779 | epoch 1 batch 190/11393
  step   191 | train_loss 2.3049 | epoch 1 batch 191/11393
  step   192 | train_loss 1.7225 | epoch 1 batch 192/11393
  step   193 | train_loss 1.8127 | epoch 1 batch 193/11393
  step   194 | train_loss 1.9716 | epoch 1 batch 194/11393
  step   195 | train_loss 2.0184 | epoch 1 batch 195/11393
  step   196 | train_loss 2.6032 | epoch 1 batch 196/11393
  step   197 | train_loss 2.0640 | epoch 1 batch 197/11393
  step   198 | train_loss 1.4621 | epoch 1 batch 198/11393
  step   199 | train_loss 1.8759 | epoch 1 batch 199/11393
  step   200 | train_loss 2.1682 | epoch 1 batch 200/11393
  step   201 | train_loss 1.8705 | epoch 1 batch 201/11393
  step   202 | train_loss 2.3560 | epoch 1 batch 202/11393
  step   203 | train_loss 1.6459 | epoch 1 batch 203/11393
  step   204 | train_loss 2.2275 | epoch 1 batch 204/11393
  step   205 | train_loss 2.3414 | epoch 1 batch 205/11393
  step   206 | train_loss 2.4857 | epoch 1 batch 206/11393
  step   207 | train_loss 1.4775 | epoch 1 batch 207/11393
  step   208 | train_loss 2.3541 | epoch 1 batch 208/11393
  step   209 | train_loss 2.1419 | epoch 1 batch 209/11393
  step   210 | train_loss 2.0316 | epoch 1 batch 210/11393
  step   211 | train_loss 2.0400 | epoch 1 batch 211/11393
  step   212 | train_loss 2.0410 | epoch 1 batch 212/11393
  step   213 | train_loss 2.2757 | epoch 1 batch 213/11393
  step   214 | train_loss 2.0961 | epoch 1 batch 214/11393
  step   215 | train_loss 1.7456 | epoch 1 batch 215/11393
  step   216 | train_loss 1.2950 | epoch 1 batch 216/11393
  step   217 | train_loss 2.4326 | epoch 1 batch 217/11393
  step   218 | train_loss 2.2150 | epoch 1 batch 218/11393
  step   219 | train_loss 1.9260 | epoch 1 batch 219/11393
  step   220 | train_loss 1.5217 | epoch 1 batch 220/11393
  step   221 | train_loss 1.8246 | epoch 1 batch 221/11393
  step   222 | train_loss 2.2703 | epoch 1 batch 222/11393
  step   223 | train_loss 1.0597 | epoch 1 batch 223/11393
  step   224 | train_loss 1.5573 | epoch 1 batch 224/11393
  step   225 | train_loss 2.0917 | epoch 1 batch 225/11393
  step   226 | train_loss 1.6370 | epoch 1 batch 226/11393
  step   227 | train_loss 2.0405 | epoch 1 batch 227/11393
  step   228 | train_loss 1.9181 | epoch 1 batch 228/11393
  step   229 | train_loss 1.8595 | epoch 1 batch 229/11393
  step   230 | train_loss 2.3298 | epoch 1 batch 230/11393
  step   231 | train_loss 1.8332 | epoch 1 batch 231/11393
  step   232 | train_loss 1.2227 | epoch 1 batch 232/11393
  step   233 | train_loss 1.7982 | epoch 1 batch 233/11393
  step   234 | train_loss 1.5160 | epoch 1 batch 234/11393
  step   235 | train_loss 1.3095 | epoch 1 batch 235/11393
  step   236 | train_loss 1.7068 | epoch 1 batch 236/11393
  step   237 | train_loss 1.8443 | epoch 1 batch 237/11393
  step   238 | train_loss 1.7287 | epoch 1 batch 238/11393
  step   239 | train_loss 1.9809 | epoch 1 batch 239/11393
  step   240 | train_loss 2.0241 | epoch 1 batch 240/11393
  step   241 | train_loss 2.2533 | epoch 1 batch 241/11393
  step   242 | train_loss 1.9580 | epoch 1 batch 242/11393
  step   243 | train_loss 2.4458 | epoch 1 batch 243/11393
  step   244 | train_loss 2.0909 | epoch 1 batch 244/11393
  step   245 | train_loss 2.1451 | epoch 1 batch 245/11393
  step   246 | train_loss 1.9105 | epoch 1 batch 246/11393
  step   247 | train_loss 1.7021 | epoch 1 batch 247/11393
  step   248 | train_loss 1.9957 | epoch 1 batch 248/11393
  step   249 | train_loss 1.5573 | epoch 1 batch 249/11393
  step   250 | train_loss 1.6043 | epoch 1 batch 250/11393
  step   251 | train_loss 2.1389 | epoch 1 batch 251/11393
  step   252 | train_loss 1.4313 | epoch 1 batch 252/11393
  step   253 | train_loss 1.9243 | epoch 1 batch 253/11393
  step   254 | train_loss 2.3497 | epoch 1 batch 254/11393
  step   255 | train_loss 2.5088 | epoch 1 batch 255/11393
  step   256 | train_loss 1.9086 | epoch 1 batch 256/11393
  step   257 | train_loss 1.8278 | epoch 1 batch 257/11393
  step   258 | train_loss 2.3271 | epoch 1 batch 258/11393
  step   259 | train_loss 2.1256 | epoch 1 batch 259/11393
  step   260 | train_loss 1.6957 | epoch 1 batch 260/11393
  step   261 | train_loss 1.8915 | epoch 1 batch 261/11393
  step   262 | train_loss 1.9048 | epoch 1 batch 262/11393
  step   263 | train_loss 1.7654 | epoch 1 batch 263/11393
  step   264 | train_loss 1.9688 | epoch 1 batch 264/11393
  step   265 | train_loss 2.0022 | epoch 1 batch 265/11393
  step   266 | train_loss 1.6217 | epoch 1 batch 266/11393
  step   267 | train_loss 2.1719 | epoch 1 batch 267/11393
  step   268 | train_loss 1.7234 | epoch 1 batch 268/11393
  step   269 | train_loss 1.9729 | epoch 1 batch 269/11393
  step   270 | train_loss 1.8514 | epoch 1 batch 270/11393
  step   271 | train_loss 1.2322 | epoch 1 batch 271/11393
  step   272 | train_loss 1.0606 | epoch 1 batch 272/11393
  step   273 | train_loss 1.6551 | epoch 1 batch 273/11393
  step   274 | train_loss 1.7937 | epoch 1 batch 274/11393
  step   275 | train_loss 1.7287 | epoch 1 batch 275/11393
  step   276 | train_loss 1.0565 | epoch 1 batch 276/11393
  step   277 | train_loss 1.5347 | epoch 1 batch 277/11393
  step   278 | train_loss 1.1332 | epoch 1 batch 278/11393
  step   279 | train_loss 1.7719 | epoch 1 batch 279/11393
  step   280 | train_loss 1.8599 | epoch 1 batch 280/11393
  step   281 | train_loss 1.6515 | epoch 1 batch 281/11393
  step   282 | train_loss 2.1042 | epoch 1 batch 282/11393
  step   283 | train_loss 1.2660 | epoch 1 batch 283/11393
  step   284 | train_loss 1.7240 | epoch 1 batch 284/11393
  step   285 | train_loss 1.9277 | epoch 1 batch 285/11393
  step   286 | train_loss 1.8599 | epoch 1 batch 286/11393
  step   287 | train_loss 2.0478 | epoch 1 batch 287/11393
  step   288 | train_loss 1.6626 | epoch 1 batch 288/11393
  step   289 | train_loss 1.9366 | epoch 1 batch 289/11393
  step   290 | train_loss 1.7648 | epoch 1 batch 290/11393
  step   291 | train_loss 1.5863 | epoch 1 batch 291/11393
  step   292 | train_loss 1.3455 | epoch 1 batch 292/11393
  step   293 | train_loss 1.5985 | epoch 1 batch 293/11393
  step   294 | train_loss 1.8286 | epoch 1 batch 294/11393
  step   295 | train_loss 1.7476 | epoch 1 batch 295/11393
  step   296 | train_loss 1.7955 | epoch 1 batch 296/11393
  step   297 | train_loss 1.7158 | epoch 1 batch 297/11393
  step   298 | train_loss 2.4301 | epoch 1 batch 298/11393
  step   299 | train_loss 2.3192 | epoch 1 batch 299/11393
  step   300 | train_loss 1.3750 | epoch 1 batch 300/11393
  step   301 | train_loss 1.5282 | epoch 1 batch 301/11393
  step   302 | train_loss 1.2867 | epoch 1 batch 302/11393
  step   303 | train_loss 1.2733 | epoch 1 batch 303/11393
  step   304 | train_loss 2.2256 | epoch 1 batch 304/11393
  step   305 | train_loss 1.2472 | epoch 1 batch 305/11393
  step   306 | train_loss 1.9459 | epoch 1 batch 306/11393
  step   307 | train_loss 2.0133 | epoch 1 batch 307/11393
  step   308 | train_loss 1.5776 | epoch 1 batch 308/11393
  step   309 | train_loss 1.8133 | epoch 1 batch 309/11393
  step   310 | train_loss 2.1099 | epoch 1 batch 310/11393
  step   311 | train_loss 1.4829 | epoch 1 batch 311/11393
  step   312 | train_loss 1.5967 | epoch 1 batch 312/11393
  step   313 | train_loss 1.2527 | epoch 1 batch 313/11393
  step   314 | train_loss 1.4086 | epoch 1 batch 314/11393
  step   315 | train_loss 1.0292 | epoch 1 batch 315/11393
  step   316 | train_loss 2.2686 | epoch 1 batch 316/11393
  step   317 | train_loss 1.3647 | epoch 1 batch 317/11393
  step   318 | train_loss 0.8991 | epoch 1 batch 318/11393
  step   319 | train_loss 2.0991 | epoch 1 batch 319/11393
  step   320 | train_loss 1.8855 | epoch 1 batch 320/11393
  step   321 | train_loss 1.4707 | epoch 1 batch 321/11393
  step   322 | train_loss 1.6016 | epoch 1 batch 322/11393
  step   323 | train_loss 1.5892 | epoch 1 batch 323/11393
  step   324 | train_loss 2.6375 | epoch 1 batch 324/11393
  step   325 | train_loss 1.5266 | epoch 1 batch 325/11393
  step   326 | train_loss 1.9470 | epoch 1 batch 326/11393
  step   327 | train_loss 1.5050 | epoch 1 batch 327/11393
  step   328 | train_loss 1.6158 | epoch 1 batch 328/11393
  step   329 | train_loss 1.5576 | epoch 1 batch 329/11393
  step   330 | train_loss 1.7962 | epoch 1 batch 330/11393
  step   331 | train_loss 1.5650 | epoch 1 batch 331/11393
  step   332 | train_loss 1.3897 | epoch 1 batch 332/11393
  step   333 | train_loss 1.2494 | epoch 1 batch 333/11393
  step   334 | train_loss 1.6384 | epoch 1 batch 334/11393
  step   335 | train_loss 1.3567 | epoch 1 batch 335/11393
  step   336 | train_loss 1.4929 | epoch 1 batch 336/11393
  step   337 | train_loss 1.7040 | epoch 1 batch 337/11393
  step   338 | train_loss 1.8451 | epoch 1 batch 338/11393
  step   339 | train_loss 1.4210 | epoch 1 batch 339/11393
  step   340 | train_loss 1.2067 | epoch 1 batch 340/11393
  step   341 | train_loss 1.4260 | epoch 1 batch 341/11393
  step   342 | train_loss 1.9050 | epoch 1 batch 342/11393
  step   343 | train_loss 1.5584 | epoch 1 batch 343/11393
  step   344 | train_loss 1.8433 | epoch 1 batch 344/11393
  step   345 | train_loss 1.3959 | epoch 1 batch 345/11393
  step   346 | train_loss 1.5542 | epoch 1 batch 346/11393
  step   347 | train_loss 1.6064 | epoch 1 batch 347/11393
  step   348 | train_loss 1.8133 | epoch 1 batch 348/11393
  step   349 | train_loss 1.2526 | epoch 1 batch 349/11393
  step   350 | train_loss 1.7646 | epoch 1 batch 350/11393
  step   351 | train_loss 1.5988 | epoch 1 batch 351/11393
  step   352 | train_loss 1.4017 | epoch 1 batch 352/11393
  step   353 | train_loss 1.6025 | epoch 1 batch 353/11393
  step   354 | train_loss 1.2416 | epoch 1 batch 354/11393
  step   355 | train_loss 1.8463 | epoch 1 batch 355/11393
  step   356 | train_loss 1.2298 | epoch 1 batch 356/11393
  step   357 | train_loss 2.0489 | epoch 1 batch 357/11393
  step   358 | train_loss 1.5914 | epoch 1 batch 358/11393
  step   359 | train_loss 1.5371 | epoch 1 batch 359/11393
  step   360 | train_loss 1.1435 | epoch 1 batch 360/11393
  step   361 | train_loss 1.7036 | epoch 1 batch 361/11393
  step   362 | train_loss 1.4821 | epoch 1 batch 362/11393
  step   363 | train_loss 1.4452 | epoch 1 batch 363/11393
  step   364 | train_loss 2.0491 | epoch 1 batch 364/11393
  step   365 | train_loss 1.4866 | epoch 1 batch 365/11393
  step   366 | train_loss 1.7458 | epoch 1 batch 366/11393
  step   367 | train_loss 1.1914 | epoch 1 batch 367/11393
  step   368 | train_loss 0.9896 | epoch 1 batch 368/11393
  step   369 | train_loss 1.4255 | epoch 1 batch 369/11393
  step   370 | train_loss 1.7661 | epoch 1 batch 370/11393
  step   371 | train_loss 1.5086 | epoch 1 batch 371/11393
  step   372 | train_loss 1.7745 | epoch 1 batch 372/11393
  step   373 | train_loss 0.9946 | epoch 1 batch 373/11393
  step   374 | train_loss 1.5608 | epoch 1 batch 374/11393
  step   375 | train_loss 2.2509 | epoch 1 batch 375/11393
  step   376 | train_loss 1.3254 | epoch 1 batch 376/11393
  step   377 | train_loss 1.5693 | epoch 1 batch 377/11393
  step   378 | train_loss 1.0297 | epoch 1 batch 378/11393
  step   379 | train_loss 1.6391 | epoch 1 batch 379/11393
  step   380 | train_loss 1.4515 | epoch 1 batch 380/11393
  step   381 | train_loss 1.6260 | epoch 1 batch 381/11393
  step   382 | train_loss 1.3185 | epoch 1 batch 382/11393
  step   383 | train_loss 1.7444 | epoch 1 batch 383/11393
  step   384 | train_loss 1.2927 | epoch 1 batch 384/11393
  step   385 | train_loss 1.1188 | epoch 1 batch 385/11393
  step   386 | train_loss 1.3521 | epoch 1 batch 386/11393
  step   387 | train_loss 1.4880 | epoch 1 batch 387/11393
  step   388 | train_loss 0.9809 | epoch 1 batch 388/11393
  step   389 | train_loss 1.1761 | epoch 1 batch 389/11393
  step   390 | train_loss 1.8303 | epoch 1 batch 390/11393
  step   391 | train_loss 1.7177 | epoch 1 batch 391/11393
  step   392 | train_loss 0.9167 | epoch 1 batch 392/11393
  step   393 | train_loss 1.5404 | epoch 1 batch 393/11393
  step   394 | train_loss 1.0679 | epoch 1 batch 394/11393
